// Jest Snapshot v1, https://goo.gl/fbAQLP

exports[`Components / StatusPanel renders correctly 1`] = `ReactWrapper {}`;
